MPLINK 5.08, LINKER
Linker Map File - Created Sun Oct 27 08:35:49 2019

                                 Section Info
                  Section       Type    Address   Location Size(Bytes)
                ---------  ---------  ---------  ---------  ---------
             RESET_VECTOR       code   0x000000    program   0x000008
               INT_VECTOR       code   0x000004    program   0x000018
                   .cinit    romdata   0x000010    program   0x000004
                MAIN_PROG       code   0x000012    program   0x0002a6
.config_2007_BUILD/DEFAULT/PRODUCTION/MAIN.O       code   0x002007    program   0x000002
                   G_DATA      udata   0x000020       data   0x000002
                 TEMP_VAR      udata   0x000022       data   0x000001
                  INT_VAR      udata   0x000070       data   0x000003



                              Program Memory Usage 
                               Start         End      
                           ---------   ---------      
                            0x000000    0x000164      
                            0x002007    0x002007      
            358 out of 8454 program addresses used, program memory utilization is 4%



                              Symbols - Sorted by Name
                     Name    Address   Location    Storage File                     
                ---------  ---------  ---------  --------- ---------                
                INTERRUPT   0x000004    program     static /home/dinusha/MPLABXProjects/PS2MouseAsm.X/main.asm
                   RXPoll   0x0000a7    program     static /home/dinusha/MPLABXProjects/PS2MouseAsm.X/main.asm
                   TXPoll   0x0000af    program     static /home/dinusha/MPLABXProjects/PS2MouseAsm.X/main.asm
          _MAIN_PROG_0023   0x000035    program     static /home/dinusha/MPLABXProjects/PS2MouseAsm.X/main.asm
          _MAIN_PROG_004E   0x000060    program     static /home/dinusha/MPLABXProjects/PS2MouseAsm.X/main.asm
          _MAIN_PROG_0052   0x000064    program     static /home/dinusha/MPLABXProjects/PS2MouseAsm.X/main.asm
          _MAIN_PROG_0056   0x000068    program     static /home/dinusha/MPLABXProjects/PS2MouseAsm.X/main.asm
          _MAIN_PROG_005B   0x00006d    program     static /home/dinusha/MPLABXProjects/PS2MouseAsm.X/main.asm
          _MAIN_PROG_005C   0x00006e    program     static /home/dinusha/MPLABXProjects/PS2MouseAsm.X/main.asm
          _MAIN_PROG_0067   0x000079    program     static /home/dinusha/MPLABXProjects/PS2MouseAsm.X/main.asm
          _MAIN_PROG_006D   0x00007f    program     static /home/dinusha/MPLABXProjects/PS2MouseAsm.X/main.asm
          _MAIN_PROG_0072   0x000084    program     static /home/dinusha/MPLABXProjects/PS2MouseAsm.X/main.asm
          _MAIN_PROG_0073   0x000085    program     static /home/dinusha/MPLABXProjects/PS2MouseAsm.X/main.asm
          _MAIN_PROG_007A   0x00008c    program     static /home/dinusha/MPLABXProjects/PS2MouseAsm.X/main.asm
          _MAIN_PROG_0081   0x000093    program     static /home/dinusha/MPLABXProjects/PS2MouseAsm.X/main.asm
          _MAIN_PROG_0085   0x000097    program     static /home/dinusha/MPLABXProjects/PS2MouseAsm.X/main.asm
          _MAIN_PROG_0089   0x00009b    program     static /home/dinusha/MPLABXProjects/PS2MouseAsm.X/main.asm
          _MAIN_PROG_008D   0x00009f    program     static /home/dinusha/MPLABXProjects/PS2MouseAsm.X/main.asm
          _MAIN_PROG_00DE   0x0000f0    program     static /home/dinusha/MPLABXProjects/PS2MouseAsm.X/main.asm
          _MAIN_PROG_00E2   0x0000f4    program     static /home/dinusha/MPLABXProjects/PS2MouseAsm.X/main.asm
          _MAIN_PROG_00E6   0x0000f8    program     static /home/dinusha/MPLABXProjects/PS2MouseAsm.X/main.asm
          _MAIN_PROG_00EA   0x0000fc    program     static /home/dinusha/MPLABXProjects/PS2MouseAsm.X/main.asm
          _MAIN_PROG_00F2   0x000104    program     static /home/dinusha/MPLABXProjects/PS2MouseAsm.X/main.asm
          _MAIN_PROG_00F8   0x00010a    program     static /home/dinusha/MPLABXProjects/PS2MouseAsm.X/main.asm
          _MAIN_PROG_00FC   0x00010e    program     static /home/dinusha/MPLABXProjects/PS2MouseAsm.X/main.asm
          _MAIN_PROG_0103   0x000115    program     static /home/dinusha/MPLABXProjects/PS2MouseAsm.X/main.asm
          _MAIN_PROG_0107   0x000119    program     static /home/dinusha/MPLABXProjects/PS2MouseAsm.X/main.asm
          _MAIN_PROG_010B   0x00011d    program     static /home/dinusha/MPLABXProjects/PS2MouseAsm.X/main.asm
                 delay_ms   0x000152    program     static /home/dinusha/MPLABXProjects/PS2MouseAsm.X/main.asm
                 delay_us   0x00015d    program     static /home/dinusha/MPLABXProjects/PS2MouseAsm.X/main.asm
              device_init   0x000128    program     static /home/dinusha/MPLABXProjects/PS2MouseAsm.X/main.asm
                hex2ascii   0x0000b7    program     static /home/dinusha/MPLABXProjects/PS2MouseAsm.X/main.asm
                  hex2dec   0x0000d7    program     static /home/dinusha/MPLABXProjects/PS2MouseAsm.X/main.asm
                     loop   0x00001d    program     static /home/dinusha/MPLABXProjects/PS2MouseAsm.X/main.asm
                  ms_init   0x000036    program     static /home/dinusha/MPLABXProjects/PS2MouseAsm.X/main.asm
                  ms_read   0x0000df    program     static /home/dinusha/MPLABXProjects/PS2MouseAsm.X/main.asm
                  ms_wone   0x000127    program     static /home/dinusha/MPLABXProjects/PS2MouseAsm.X/main.asm
                 ms_write   0x00003b    program     static /home/dinusha/MPLABXProjects/PS2MouseAsm.X/main.asm
                 ms_wzero   0x000126    program     static /home/dinusha/MPLABXProjects/PS2MouseAsm.X/main.asm
               r_bit_done   0x000100    program     static /home/dinusha/MPLABXProjects/PS2MouseAsm.X/main.asm
                   r_bits   0x0000f5    program     static /home/dinusha/MPLABXProjects/PS2MouseAsm.X/main.asm
            r_parity_done   0x000116    program     static /home/dinusha/MPLABXProjects/PS2MouseAsm.X/main.asm
                    start   0x000012    program     static /home/dinusha/MPLABXProjects/PS2MouseAsm.X/main.asm
           uart_print_hex   0x0000c9    program     static /home/dinusha/MPLABXProjects/PS2MouseAsm.X/main.asm
                  us_loop   0x00015e    program     static /home/dinusha/MPLABXProjects/PS2MouseAsm.X/main.asm
                   w_done   0x000076    program     static /home/dinusha/MPLABXProjects/PS2MouseAsm.X/main.asm
                  w_inner   0x000153    program     static /home/dinusha/MPLABXProjects/PS2MouseAsm.X/main.asm
                    w_tmp   0x000065    program     static /home/dinusha/MPLABXProjects/PS2MouseAsm.X/main.asm
                   w_tmr0   0x000156    program     static /home/dinusha/MPLABXProjects/PS2MouseAsm.X/main.asm
                  wp_done   0x000089    program     static /home/dinusha/MPLABXProjects/PS2MouseAsm.X/main.asm
                      ztn   0x0000c5    program     static /home/dinusha/MPLABXProjects/PS2MouseAsm.X/main.asm
                    count   0x000020       data     static /home/dinusha/MPLABXProjects/PS2MouseAsm.X/main.asm
                     flag   0x000020       data     static /home/dinusha/MPLABXProjects/PS2MouseAsm.X/main.asm
              pclath_temp   0x000072       data     static /home/dinusha/MPLABXProjects/PS2MouseAsm.X/main.asm
              status_temp   0x000071       data     static /home/dinusha/MPLABXProjects/PS2MouseAsm.X/main.asm
               temp_count   0x000022       data     static /home/dinusha/MPLABXProjects/PS2MouseAsm.X/main.asm
                   w_temp   0x000070       data     static /home/dinusha/MPLABXProjects/PS2MouseAsm.X/main.asm



                              Symbols - Sorted by Address
                     Name    Address   Location    Storage File                     
                ---------  ---------  ---------  --------- ---------                
                INTERRUPT   0x000004    program     static /home/dinusha/MPLABXProjects/PS2MouseAsm.X/main.asm
                    start   0x000012    program     static /home/dinusha/MPLABXProjects/PS2MouseAsm.X/main.asm
                     loop   0x00001d    program     static /home/dinusha/MPLABXProjects/PS2MouseAsm.X/main.asm
          _MAIN_PROG_0023   0x000035    program     static /home/dinusha/MPLABXProjects/PS2MouseAsm.X/main.asm
                  ms_init   0x000036    program     static /home/dinusha/MPLABXProjects/PS2MouseAsm.X/main.asm
                 ms_write   0x00003b    program     static /home/dinusha/MPLABXProjects/PS2MouseAsm.X/main.asm
          _MAIN_PROG_004E   0x000060    program     static /home/dinusha/MPLABXProjects/PS2MouseAsm.X/main.asm
          _MAIN_PROG_0052   0x000064    program     static /home/dinusha/MPLABXProjects/PS2MouseAsm.X/main.asm
                    w_tmp   0x000065    program     static /home/dinusha/MPLABXProjects/PS2MouseAsm.X/main.asm
          _MAIN_PROG_0056   0x000068    program     static /home/dinusha/MPLABXProjects/PS2MouseAsm.X/main.asm
          _MAIN_PROG_005B   0x00006d    program     static /home/dinusha/MPLABXProjects/PS2MouseAsm.X/main.asm
          _MAIN_PROG_005C   0x00006e    program     static /home/dinusha/MPLABXProjects/PS2MouseAsm.X/main.asm
                   w_done   0x000076    program     static /home/dinusha/MPLABXProjects/PS2MouseAsm.X/main.asm
          _MAIN_PROG_0067   0x000079    program     static /home/dinusha/MPLABXProjects/PS2MouseAsm.X/main.asm
          _MAIN_PROG_006D   0x00007f    program     static /home/dinusha/MPLABXProjects/PS2MouseAsm.X/main.asm
          _MAIN_PROG_0072   0x000084    program     static /home/dinusha/MPLABXProjects/PS2MouseAsm.X/main.asm
          _MAIN_PROG_0073   0x000085    program     static /home/dinusha/MPLABXProjects/PS2MouseAsm.X/main.asm
                  wp_done   0x000089    program     static /home/dinusha/MPLABXProjects/PS2MouseAsm.X/main.asm
          _MAIN_PROG_007A   0x00008c    program     static /home/dinusha/MPLABXProjects/PS2MouseAsm.X/main.asm
          _MAIN_PROG_0081   0x000093    program     static /home/dinusha/MPLABXProjects/PS2MouseAsm.X/main.asm
          _MAIN_PROG_0085   0x000097    program     static /home/dinusha/MPLABXProjects/PS2MouseAsm.X/main.asm
          _MAIN_PROG_0089   0x00009b    program     static /home/dinusha/MPLABXProjects/PS2MouseAsm.X/main.asm
          _MAIN_PROG_008D   0x00009f    program     static /home/dinusha/MPLABXProjects/PS2MouseAsm.X/main.asm
                   RXPoll   0x0000a7    program     static /home/dinusha/MPLABXProjects/PS2MouseAsm.X/main.asm
                   TXPoll   0x0000af    program     static /home/dinusha/MPLABXProjects/PS2MouseAsm.X/main.asm
                hex2ascii   0x0000b7    program     static /home/dinusha/MPLABXProjects/PS2MouseAsm.X/main.asm
                      ztn   0x0000c5    program     static /home/dinusha/MPLABXProjects/PS2MouseAsm.X/main.asm
           uart_print_hex   0x0000c9    program     static /home/dinusha/MPLABXProjects/PS2MouseAsm.X/main.asm
                  hex2dec   0x0000d7    program     static /home/dinusha/MPLABXProjects/PS2MouseAsm.X/main.asm
                  ms_read   0x0000df    program     static /home/dinusha/MPLABXProjects/PS2MouseAsm.X/main.asm
          _MAIN_PROG_00DE   0x0000f0    program     static /home/dinusha/MPLABXProjects/PS2MouseAsm.X/main.asm
          _MAIN_PROG_00E2   0x0000f4    program     static /home/dinusha/MPLABXProjects/PS2MouseAsm.X/main.asm
                   r_bits   0x0000f5    program     static /home/dinusha/MPLABXProjects/PS2MouseAsm.X/main.asm
          _MAIN_PROG_00E6   0x0000f8    program     static /home/dinusha/MPLABXProjects/PS2MouseAsm.X/main.asm
          _MAIN_PROG_00EA   0x0000fc    program     static /home/dinusha/MPLABXProjects/PS2MouseAsm.X/main.asm
               r_bit_done   0x000100    program     static /home/dinusha/MPLABXProjects/PS2MouseAsm.X/main.asm
          _MAIN_PROG_00F2   0x000104    program     static /home/dinusha/MPLABXProjects/PS2MouseAsm.X/main.asm
          _MAIN_PROG_00F8   0x00010a    program     static /home/dinusha/MPLABXProjects/PS2MouseAsm.X/main.asm
          _MAIN_PROG_00FC   0x00010e    program     static /home/dinusha/MPLABXProjects/PS2MouseAsm.X/main.asm
          _MAIN_PROG_0103   0x000115    program     static /home/dinusha/MPLABXProjects/PS2MouseAsm.X/main.asm
            r_parity_done   0x000116    program     static /home/dinusha/MPLABXProjects/PS2MouseAsm.X/main.asm
          _MAIN_PROG_0107   0x000119    program     static /home/dinusha/MPLABXProjects/PS2MouseAsm.X/main.asm
          _MAIN_PROG_010B   0x00011d    program     static /home/dinusha/MPLABXProjects/PS2MouseAsm.X/main.asm
                 ms_wzero   0x000126    program     static /home/dinusha/MPLABXProjects/PS2MouseAsm.X/main.asm
                  ms_wone   0x000127    program     static /home/dinusha/MPLABXProjects/PS2MouseAsm.X/main.asm
              device_init   0x000128    program     static /home/dinusha/MPLABXProjects/PS2MouseAsm.X/main.asm
                 delay_ms   0x000152    program     static /home/dinusha/MPLABXProjects/PS2MouseAsm.X/main.asm
                  w_inner   0x000153    program     static /home/dinusha/MPLABXProjects/PS2MouseAsm.X/main.asm
                   w_tmr0   0x000156    program     static /home/dinusha/MPLABXProjects/PS2MouseAsm.X/main.asm
                 delay_us   0x00015d    program     static /home/dinusha/MPLABXProjects/PS2MouseAsm.X/main.asm
                  us_loop   0x00015e    program     static /home/dinusha/MPLABXProjects/PS2MouseAsm.X/main.asm
                    count   0x000020       data     static /home/dinusha/MPLABXProjects/PS2MouseAsm.X/main.asm
                     flag   0x000020       data     static /home/dinusha/MPLABXProjects/PS2MouseAsm.X/main.asm
               temp_count   0x000022       data     static /home/dinusha/MPLABXProjects/PS2MouseAsm.X/main.asm
                   w_temp   0x000070       data     static /home/dinusha/MPLABXProjects/PS2MouseAsm.X/main.asm
              status_temp   0x000071       data     static /home/dinusha/MPLABXProjects/PS2MouseAsm.X/main.asm
              pclath_temp   0x000072       data     static /home/dinusha/MPLABXProjects/PS2MouseAsm.X/main.asm


